

Hostname         : ip-172-31-29-112
Kernel Version   : 5.3.0-1019-aws
Uptime           : 49 min
Last Reboot Time : 2020-06-04 06:46


procs -----------memory---------- ---swap-- -----io---- -system-- ------cpu-----
 r  b   swpd   free   buff  cache   si   so    bi    bo   in   cs us sy id wa st
 0  0  13312 129028  39164 439792    4    5   429   260   88  224  2  1 97  1  0

Linux 5.3.0-1019-aws (ip-172-31-29-112) 	06/04/20 	_x86_64_	(1 CPU)

avg-cpu:  %user   %nice %system %iowait  %steal   %idle
           1.41    0.23    0.78    0.77    0.32   96.50

Device             tps    kB_read/s    kB_wrtn/s    kB_read    kB_wrtn
loop0             1.23         1.33         0.00       3933          0
loop1             0.03         0.37         0.00       1095          0
loop2             4.72         5.05         0.00      14936          0
loop3             1.16         1.26         0.00       3718          0
xvda             16.33       421.49       259.77    1246199     768040

MemTotal:        1002308 kB
MemFree:          129028 kB
MemAvailable:     457456 kB
Buffers:           39164 kB
Cached:           396192 kB
SwapCached:         8456 kB
Active:           449028 kB
Inactive:         301180 kB
Active(anon):     154904 kB
Inactive(anon):   161116 kB
Active(file):     294124 kB
Inactive(file):   140064 kB
Unevictable:           0 kB
Mlocked:               0 kB
SwapTotal:        499996 kB
SwapFree:         486684 kB
Dirty:                96 kB
Writeback:             0 kB
AnonPages:        306912 kB
Mapped:           105904 kB
Shmem:              2300 kB
KReclaimable:      43600 kB
Slab:              82004 kB
SReclaimable:      43600 kB
SUnreclaim:        38404 kB
KernelStack:        3400 kB
PageTables:        10044 kB
NFS_Unstable:          0 kB
Bounce:                0 kB
WritebackTmp:          0 kB
CommitLimit:     1001148 kB
Committed_AS:    1686920 kB
VmallocTotal:   34359738367 kB
VmallocUsed:        9788 kB
VmallocChunk:          0 kB
Percpu:             9024 kB
HardwareCorrupted:     0 kB
AnonHugePages:         0 kB
ShmemHugePages:        0 kB
ShmemPmdMapped:        0 kB
CmaTotal:          16384 kB
CmaFree:           16384 kB
HugePages_Total:       0
HugePages_Free:        0
HugePages_Rsvd:        0
HugePages_Surp:        0
Hugepagesize:       2048 kB
Hugetlb:               0 kB
DirectMap4k:       92160 kB
DirectMap2M:      956416 kB


